(node:26704) ExperimentalWarning: VM Modules is an experimental feature and might change at any time
(Use `node --trace-warnings ...` to show where the warning was created)
(node:44696) ExperimentalWarning: VM Modules is an experimental feature and might change at any time
(Use `node --trace-warnings ...` to show where the warning was created)
PASS src/utils/shared.test.ts
PASS src/binder/memoization.test.ts
(node:56160) ExperimentalWarning: VM Modules is an experimental feature and might change at any time
(Use `node --trace-warnings ...` to show where the warning was created)
(node:46792) ExperimentalWarning: VM Modules is an experimental feature and might change at any time
(Use `node --trace-warnings ...` to show where the warning was created)
(node:55716) ExperimentalWarning: VM Modules is an experimental feature and might change at any time
(Use `node --trace-warnings ...` to show where the warning was created)
(node:41904) ExperimentalWarning: VM Modules is an experimental feature and might change at any time
(Use `node --trace-warnings ...` to show where the warning was created)
PASS src/host/wasip3/clocks.test.ts
(node:45536) ExperimentalWarning: VM Modules is an experimental feature and might change at any time
(Use `node --trace-warnings ...` to show where the warning was created)
(node:34048) ExperimentalWarning: VM Modules is an experimental feature and might change at any time
(Use `node --trace-warnings ...` to show where the warning was created)
(node:56672) ExperimentalWarning: VM Modules is an experimental feature and might change at any time
(Use `node --trace-warnings ...` to show where the warning was created)
PASS src/host/wasip2/cli.test.ts
PASS src/binder/cache.test.ts
(node:38360) ExperimentalWarning: VM Modules is an experimental feature and might change at any time
(Use `node --trace-warnings ...` to show where the warning was created)
PASS src/utils/assert.test.ts
  ΓùÅ Console

    console.log
      [test] msg

      at log (src/utils/assert.ts:37:58)

(node:14976) ExperimentalWarning: VM Modules is an experimental feature and might change at any time
(Use `node --trace-warnings ...` to show where the warning was created)
(node:34860) ExperimentalWarning: VM Modules is an experimental feature and might change at any time
(Use `node --trace-warnings ...` to show where the warning was created)
PASS src/host/wasip3/http.test.ts
PASS src/host/wasip3/node/sockets.test.ts
(node:44492) ExperimentalWarning: VM Modules is an experimental feature and might change at any time
(Use `node --trace-warnings ...` to show where the warning was created)
PASS src/host/wasip3/stdio.test.ts
(node:13708) ExperimentalWarning: VM Modules is an experimental feature and might change at any time
(Use `node --trace-warnings ...` to show where the warning was created)
(node:55044) ExperimentalWarning: VM Modules is an experimental feature and might change at any time
(Use `node --trace-warnings ...` to show where the warning was created)
PASS src/parser/values.test.ts
PASS src/host/wasip3/node/http-server.test.ts
PASS src/host/wasip2/http.test.ts
(node:30924) ExperimentalWarning: VM Modules is an experimental feature and might change at any time
(Use `node --trace-warnings ...` to show where the warning was created)
PASS src/parser/index.test.ts
PASS src/host/wasip2/node/http-server.test.ts
(node:55564) ExperimentalWarning: VM Modules is an experimental feature and might change at any time
(Use `node --trace-warnings ...` to show where the warning was created)
PASS src/host/wasip2/wasi-host.test.ts
(node:28640) ExperimentalWarning: VM Modules is an experimental feature and might change at any time
(Use `node --trace-warnings ...` to show where the warning was created)
PASS src/parser/security.test.ts
(node:39708) ExperimentalWarning: VM Modules is an experimental feature and might change at any time
(Use `node --trace-warnings ...` to show where the warning was created)
(node:46384) ExperimentalWarning: VM Modules is an experimental feature and might change at any time
(Use `node --trace-warnings ...` to show where the warning was created)
(node:10564) ExperimentalWarning: VM Modules is an experimental feature and might change at any time
(Use `node --trace-warnings ...` to show where the warning was created)
(node:48312) ExperimentalWarning: VM Modules is an experimental feature and might change at any time
(Use `node --trace-warnings ...` to show where the warning was created)
(node:43388) ExperimentalWarning: VM Modules is an experimental feature and might change at any time
(Use `node --trace-warnings ...` to show where the warning was created)
(node:40808) ExperimentalWarning: VM Modules is an experimental feature and might change at any time
(Use `node --trace-warnings ...` to show where the warning was created)
PASS src/host/wasip2/node/filesystem-node.test.ts
(node:10744) ExperimentalWarning: VM Modules is an experimental feature and might change at any time
(Use `node --trace-warnings ...` to show where the warning was created)
(node:11104) ExperimentalWarning: VM Modules is an experimental feature and might change at any time
(Use `node --trace-warnings ...` to show where the warning was created)
PASS src/host/wasip2/node/sockets.test.ts
(node:46676) ExperimentalWarning: VM Modules is an experimental feature and might change at any time
(Use `node --trace-warnings ...` to show where the warning was created)
PASS src/utils/args.test.ts

ReferenceError: You are trying to `import` a file after the Jest environment has been torn down. From src/marshal/canonical-abi.test.ts.



ReferenceError: You are trying to `import` a file after the Jest environment has been torn down. From src/marshal/canonical-abi.test.ts.



ReferenceError: You are trying to `import` a file after the Jest environment has been torn down. From src/marshal/canonical-abi.test.ts.



ReferenceError: You are trying to `import` a file after the Jest environment has been torn down. From src/marshal/canonical-abi.test.ts.



ReferenceError: You are trying to `import` a file after the Jest environment has been torn down. From src/marshal/canonical-abi.test.ts.



ReferenceError: You are trying to `import` a file after the Jest environment has been torn down. From src/marshal/canonical-abi.test.ts.



ReferenceError: You are trying to `import` a file after the Jest environment has been torn down. From src/marshal/canonical-abi.test.ts.



ReferenceError: You are trying to `import` a file after the Jest environment has been torn down. From src/marshal/canonical-abi.test.ts.



ReferenceError: You are trying to `import` a file after the Jest environment has been torn down. From src/marshal/canonical-abi.test.ts.



ReferenceError: You are trying to `import` a file after the Jest environment has been torn down. From src/marshal/canonical-abi.test.ts.



ReferenceError: You are trying to `import` a file after the Jest environment has been torn down. From src/marshal/canonical-abi.test.ts.



ReferenceError: You are trying to `import` a file after the Jest environment has been torn down. From src/marshal/canonical-abi.test.ts.



ReferenceError: You are trying to `import` a file after the Jest environment has been torn down. From src/marshal/canonical-abi.test.ts.



ReferenceError: You are trying to `import` a file after the Jest environment has been torn down. From src/marshal/canonical-abi.test.ts.



ReferenceError: You are trying to `import` a file after the Jest environment has been torn down. From src/marshal/canonical-abi.test.ts.



ReferenceError: You are trying to `import` a file after the Jest environment has been torn down. From src/marshal/canonical-abi.test.ts.



ReferenceError: You are trying to `import` a file after the Jest environment has been torn down. From src/marshal/canonical-abi.test.ts.



ReferenceError: You are trying to `import` a file after the Jest environment has been torn down. From src/marshal/canonical-abi.test.ts.



ReferenceError: You are trying to `import` a file after the Jest environment has been torn down. From src/marshal/canonical-abi.test.ts.



ReferenceError: You are trying to `import` a file after the Jest environment has been torn down. From src/marshal/canonical-abi.test.ts.



ReferenceError: You are trying to `import` a file after the Jest environment has been torn down. From src/marshal/canonical-abi.test.ts.



ReferenceError: You are trying to `import` a file after the Jest environment has been torn down. From src/marshal/canonical-abi.test.ts.



ReferenceError: You are trying to `import` a file after the Jest environment has been torn down. From src/marshal/canonical-abi.test.ts.



ReferenceError: You are trying to `import` a file after the Jest environment has been torn down. From src/marshal/canonical-abi.test.ts.



ReferenceError: You are trying to `import` a file after the Jest environment has been torn down. From src/marshal/canonical-abi.test.ts.



ReferenceError: You are trying to `import` a file after the Jest environment has been torn down. From src/marshal/canonical-abi.test.ts.



ReferenceError: You are trying to `import` a file after the Jest environment has been torn down. From src/marshal/canonical-abi.test.ts.



ReferenceError: You are trying to `import` a file after the Jest environment has been torn down. From src/marshal/canonical-abi.test.ts.



ReferenceError: You are trying to `import` a file after the Jest environment has been torn down. From src/marshal/canonical-abi.test.ts.



ReferenceError: You are trying to `import` a file after the Jest environment has been torn down. From src/marshal/canonical-abi.test.ts.


FAIL src/marshal/canonical-abi.test.ts
  ΓùÅ Test suite failed to run

    Cannot find module '../calling-convention' from 'src/marshal/canonical-abi.test.ts'

      at Resolver._throwModNotFoundError (node_modules/jest-resolve/build/resolver.js:427:11)


ReferenceError: You are trying to `import` a file after the Jest environment has been torn down. From src/marshal/canonical-abi.test.ts.



ReferenceError: You are trying to `import` a file after the Jest environment has been torn down. From src/marshal/canonical-abi.test.ts.


PASS src/resolver/error-paths.test.ts
PASS src/marshal/edge-cases.test.ts
PASS src/marshal/resources.test.ts
(node:38444) ExperimentalWarning: VM Modules is an experimental feature and might change at any time
(Use `node --trace-warnings ...` to show where the warning was created)
PASS src/host/wasip2/cli-integration.test.ts
PASS src/marshal/validation.test.ts
PASS src/host/wasip3/resources.test.ts
PASS src/host/wasip2/hello-world.test.ts
PASS src/marshal/spilling.test.ts
PASS src/index.test.ts
PASS src/host/wasip2/use-number-for-int64.test.ts
PASS src/host/wasip3/wasip3-host.test.ts
(node:41584) ExperimentalWarning: VM Modules is an experimental feature and might change at any time
(Use `node --trace-warnings ...` to show where the warning was created)
PASS src/host/wasip3/node/filesystem-node.test.ts
PASS src/marshal/compound-types.test.ts
PASS src/host/wasip3/streams.test.ts
PASS src/marshal/primitives.test.ts
PASS src/utils/streaming.test.ts
PASS src/resolver/calling-convention.test.ts
PASS src/host/wasip2/filesystem.test.ts
PASS src/resolver/type-validation.test.ts
PASS src/host/wasip3/vfs.test.ts
PASS src/resolver/binding/function-imports.test.ts
PASS src/host/wasip3/filesystem.test.ts
(node:51116) ExperimentalWarning: VM Modules is an experimental feature and might change at any time
(Use `node --trace-warnings ...` to show where the warning was created)
PASS src/host/wasip2/poll.test.ts
PASS src/parser/export.test.ts
PASS src/host/wasip3/node/stdio-node.test.ts
PASS src/host/wasip3/integration.test.ts
PASS src/host/wasip3/cli.test.ts
PASS src/utils/fetch-like.test.ts
PASS src/host/wasip2/streams.test.ts
PASS src/host/wasip3/result.test.ts
PASS src/host/wasip3/sockets.test.ts
PASS src/host/wasip2/monotonic-clock.test.ts
PASS src/resolver/type-resolution.test.ts
PASS src/host/wasip3/random.test.ts
PASS src/resolver/types.test.ts
PASS src/resolver/import-index.test.ts
PASS src/resolver/import-names.test.ts
PASS src/host/wasip2/random.test.ts
PASS src/utils/debug-names.test.ts
PASS src/host/wasip2/wall-clock.test.ts
PASS src/resolver/type-isolation.test.ts
PASS src/host/wasip2/echo-reactor.test.ts (5.922 s)
(node:29388) ExperimentalWarning: VM Modules is an experimental feature and might change at any time
(Use `node --trace-warnings ...` to show where the warning was created)
PASS src/host/wasip2/cli-conformance.test.ts (7.505 s)
PASS src/host/wasip2/integration.test.ts (27.228 s)
A worker process has failed to exit gracefully and has been force exited. This is likely caused by tests leaking due to improper teardown. Try running with --detectOpenHandles to find leaks. Active timers can also cause this, ensure that .unref() was called on them.

Summary of all failing tests
FAIL src/marshal/canonical-abi.test.ts
  ΓùÅ Test suite failed to run

    Cannot find module '../calling-convention' from 'src/marshal/canonical-abi.test.ts'

      at Resolver._throwModNotFoundError (node_modules/jest-resolve/build/resolver.js:427:11)


Test Suites: 1 failed, 63 passed, 64 total
Tests:       80 skipped, 2248 passed, 2328 total
Snapshots:   0 total
Time:        28.96 s, estimated 35 s
Ran all test suites.
